// Jest Snapshot v1, https://goo.gl/fbAQLP

exports[`renders correctly with defaults 1`] = `
<div
  className="sectionRight"
>
  <div
    className="sectionRightInside"
  >
    <div
      className="lab"
    >
      NEXT PIECES
    </div>
    <div
      className="pieceRow"
    >
      <div
        className="nextPiece"
      >
        <div
          className="boardRow"
        >
          <div
            className="boardCell cell1"
          />
          <div
            className="boardCell cell1"
          />
          <div
            className="boardCell cell0"
          />
        </div>
        <div
          className="boardRow"
        >
          <div
            className="boardCell cell0"
          />
          <div
            className="boardCell cell1"
          />
          <div
            className="boardCell cell1"
          />
        </div>
        <div
          className="boardRow"
        >
          <div
            className="boardCell cell0"
          />
          <div
            className="boardCell cell0"
          />
          <div
            className="boardCell cell0"
          />
        </div>
      </div>
      <div
        className="nextPiece"
      >
        <div
          className="boardRow"
        >
          <div
            className="boardCell cell0"
          />
          <div
            className="boardCell cell7"
          />
          <div
            className="boardCell cell7"
          />
        </div>
        <div
          className="boardRow"
        >
          <div
            className="boardCell cell0"
          />
          <div
            className="boardCell cell7"
          />
          <div
            className="boardCell cell7"
          />
        </div>
      </div>
      <div
        className="nextPiece"
      >
        <div
          className="boardRow"
        >
          <div
            className="boardCell cell0"
          />
          <div
            className="boardCell cell0"
          />
          <div
            className="boardCell cell4"
          />
        </div>
        <div
          className="boardRow"
        >
          <div
            className="boardCell cell4"
          />
          <div
            className="boardCell cell4"
          />
          <div
            className="boardCell cell4"
          />
        </div>
        <div
          className="boardRow"
        >
          <div
            className="boardCell cell0"
          />
          <div
            className="boardCell cell0"
          />
          <div
            className="boardCell cell0"
          />
        </div>
      </div>
    </div>
    <div
      className="lab"
    >
      OPPONENTS
    </div>
    <div
      className="opponents"
    >
      <div
        className="opponentFlex"
      >
        <div
          className="opponent"
        >
          <div
            className="opponentColumn opponentColumn_0"
          />
          <div
            className="opponentColumn opponentColumn_1"
          />
          <div
            className="opponentColumn opponentColumn_2"
          />
          <div
            className="opponentColumn opponentColumn_3"
          />
          <div
            className="opponentColumn opponentColumn_4"
          />
          <div
            className="opponentColumn opponentColumn_5"
          />
          <div
            className="opponentColumn opponentColumn_6"
          />
          <div
            className="opponentColumn opponentColumn_7"
          />
          <div
            className="opponentColumn opponentColumn_8"
          />
          <div
            className="opponentColumn opponentColumn_9"
          />
        </div>
        <div
          className="labelTitle small"
        >
          <div>
             
            <div
              className="labelLetterM"
            >
              <div
                className="labelCube whiteCube a1"
              />
              <div
                className="labelCube whiteCube a2"
              />
              <div
                className="labelCube whiteCube a3"
              />
              <div
                className="labelCube whiteCube a4"
              />
              <div
                className="labelCube whiteCube a5"
              />
              <div
                className="labelCube whiteCube a6"
              />
              <div
                className="labelCube whiteCube a7"
              />
              <div
                className="labelCube whiteCube a8"
              />
              <div
                className="labelCube whiteCube a9"
              />
              <div
                className="labelCube whiteCube a10"
              />
              <div
                className="labelCube whiteCube a11"
              />
              <div
                className="labelCube whiteCube a12"
              />
              <div
                className="labelCube whiteCube a13"
              />
            </div>
             
          </div>
          <div>
             
            <div
              className="labelLetterM"
            >
              <div
                className="labelCube whiteCube a1"
              />
              <div
                className="labelCube whiteCube a2"
              />
              <div
                className="labelCube whiteCube a3"
              />
              <div
                className="labelCube whiteCube a4"
              />
              <div
                className="labelCube whiteCube a5"
              />
              <div
                className="labelCube whiteCube a6"
              />
              <div
                className="labelCube whiteCube a7"
              />
              <div
                className="labelCube whiteCube a8"
              />
              <div
                className="labelCube whiteCube a9"
              />
              <div
                className="labelCube whiteCube a10"
              />
              <div
                className="labelCube whiteCube a11"
              />
              <div
                className="labelCube whiteCube a12"
              />
              <div
                className="labelCube whiteCube a13"
              />
            </div>
             
          </div>
          <div>
             
            <div
              className="labelLetterM"
            >
              <div
                className="labelCube whiteCube a1"
              />
              <div
                className="labelCube whiteCube a2"
              />
              <div
                className="labelCube whiteCube a3"
              />
              <div
                className="labelCube whiteCube a4"
              />
              <div
                className="labelCube whiteCube a5"
              />
              <div
                className="labelCube whiteCube a6"
              />
              <div
                className="labelCube whiteCube a7"
              />
              <div
                className="labelCube whiteCube a8"
              />
              <div
                className="labelCube whiteCube a9"
              />
              <div
                className="labelCube whiteCube a10"
              />
              <div
                className="labelCube whiteCube a11"
              />
              <div
                className="labelCube whiteCube a12"
              />
              <div
                className="labelCube whiteCube a13"
              />
            </div>
             
          </div>
          <div>
             
            <div
              className="labelLetterM"
            >
              <div
                className="labelCube whiteCube a1"
              />
              <div
                className="labelCube whiteCube a2"
              />
              <div
                className="labelCube whiteCube a3"
              />
              <div
                className="labelCube whiteCube a4"
              />
              <div
                className="labelCube whiteCube a5"
              />
              <div
                className="labelCube whiteCube a6"
              />
              <div
                className="labelCube whiteCube a7"
              />
              <div
                className="labelCube whiteCube a8"
              />
              <div
                className="labelCube whiteCube a9"
              />
              <div
                className="labelCube whiteCube a10"
              />
              <div
                className="labelCube whiteCube a11"
              />
              <div
                className="labelCube whiteCube a12"
              />
              <div
                className="labelCube whiteCube a13"
              />
            </div>
             
          </div>
          <div>
             
            <div
              className="labelLetterM"
            >
              <div
                className="labelCube whiteCube a1"
              />
              <div
                className="labelCube whiteCube a2"
              />
              <div
                className="labelCube whiteCube a3"
              />
              <div
                className="labelCube whiteCube a4"
              />
              <div
                className="labelCube whiteCube a5"
              />
              <div
                className="labelCube whiteCube a6"
              />
              <div
                className="labelCube whiteCube a7"
              />
              <div
                className="labelCube whiteCube a8"
              />
              <div
                className="labelCube whiteCube a9"
              />
              <div
                className="labelCube whiteCube a10"
              />
              <div
                className="labelCube whiteCube a11"
              />
              <div
                className="labelCube whiteCube a12"
              />
              <div
                className="labelCube whiteCube a13"
              />
            </div>
             
          </div>
        </div>
      </div>
      <div
        className="opponentFlex"
      >
        <div
          className="opponent"
        >
          <div
            className="opponentColumn opponentColumn_0"
          />
          <div
            className="opponentColumn opponentColumn_1"
          />
          <div
            className="opponentColumn opponentColumn_2"
          />
          <div
            className="opponentColumn opponentColumn_3"
          />
          <div
            className="opponentColumn opponentColumn_4"
          />
          <div
            className="opponentColumn opponentColumn_5"
          />
          <div
            className="opponentColumn opponentColumn_6"
          />
          <div
            className="opponentColumn opponentColumn_7"
          />
          <div
            className="opponentColumn opponentColumn_8"
          />
          <div
            className="opponentColumn opponentColumn_9"
          />
        </div>
        <div
          className="labelTitle small"
        >
          <div>
             
            <div
              className="labelLetterM"
            >
              <div
                className="labelCube whiteCube b1"
              />
              <div
                className="labelCube whiteCube b2"
              />
              <div
                className="labelCube whiteCube b3"
              />
              <div
                className="labelCube whiteCube b4"
              />
              <div
                className="labelCube whiteCube b5"
              />
              <div
                className="labelCube whiteCube b6"
              />
              <div
                className="labelCube whiteCube b7"
              />
              <div
                className="labelCube whiteCube b8"
              />
              <div
                className="labelCube whiteCube b9"
              />
              <div
                className="labelCube whiteCube b10"
              />
              <div
                className="labelCube whiteCube b11"
              />
              <div
                className="labelCube whiteCube b12"
              />
              <div
                className="labelCube whiteCube b13"
              />
            </div>
             
          </div>
          <div>
             
            <div
              className="labelLetterM"
            >
              <div
                className="labelCube whiteCube b1"
              />
              <div
                className="labelCube whiteCube b2"
              />
              <div
                className="labelCube whiteCube b3"
              />
              <div
                className="labelCube whiteCube b4"
              />
              <div
                className="labelCube whiteCube b5"
              />
              <div
                className="labelCube whiteCube b6"
              />
              <div
                className="labelCube whiteCube b7"
              />
              <div
                className="labelCube whiteCube b8"
              />
              <div
                className="labelCube whiteCube b9"
              />
              <div
                className="labelCube whiteCube b10"
              />
              <div
                className="labelCube whiteCube b11"
              />
              <div
                className="labelCube whiteCube b12"
              />
              <div
                className="labelCube whiteCube b13"
              />
            </div>
             
          </div>
          <div>
             
            <div
              className="labelLetterM"
            >
              <div
                className="labelCube whiteCube b1"
              />
              <div
                className="labelCube whiteCube b2"
              />
              <div
                className="labelCube whiteCube b3"
              />
              <div
                className="labelCube whiteCube b4"
              />
              <div
                className="labelCube whiteCube b5"
              />
              <div
                className="labelCube whiteCube b6"
              />
              <div
                className="labelCube whiteCube b7"
              />
              <div
                className="labelCube whiteCube b8"
              />
              <div
                className="labelCube whiteCube b9"
              />
              <div
                className="labelCube whiteCube b10"
              />
              <div
                className="labelCube whiteCube b11"
              />
              <div
                className="labelCube whiteCube b12"
              />
              <div
                className="labelCube whiteCube b13"
              />
            </div>
             
          </div>
        </div>
      </div>
    </div>
  </div>
</div>
`;
